exports[`SiteCellTooltip should render correctly 1`] = `<div><div aria-describedby="tippy-tooltip-1" class="" data-original-title="This can be changed in "Settings > Alerts"" data-tooltipped="" style="display: inline;"><div class="mm-box multichain-avatar-group mm-box--display-flex mm-box--gap-1 mm-box--align-items-center" data-testid="avatar-group"><div class="mm-box mm-box--display-flex mm-box--align-items-center"><div class="mm-box mm-box--rounded-full" style="margin-left: 0px;"><div class="mm-text mm-avatar-base mm-avatar-base--size-xs mm-avatar-account box"><div class="mm-avatar-account__jazzicon"><svg height=16 width=16 x=0 y=0><rect fill="#018E7E" height=16 transform='translate(1.2744369446245154 -0.7053655586725533) rotate(363.1 8 8)' width=16 x=0 y=0/><rect fill="#F91A01" height=height transform='translate(4.775, 4.32) rotate(54.5,8,8)' width=w x=y y=z/><rect fill="#FB, , w'/></svg></div></div></div><!---- more avatars --><!---- more tokens --></p>...`;
